root@ip-172-31-35-152:/home/ubuntu# nslookup guvi.in
Server:         127.0.0.53
Address:        127.0.0.53#53

Non-authoritative answer:
Name:   guvi.in
Address: 104.26.5.88
Name:   guvi.in
Address: 104.26.4.88
Name:   guvi.in
Address: 172.67.70.207
Name:   guvi.in
Address: 2606:4700:20::681a:458
Name:   guvi.in
Address: 2606:4700:20::ac43:46cf
Name:   guvi.in
Address: 2606:4700:20::681a:558

root@ip-172-31-35-152:/home/ubuntu# top
top - 12:17:46 up 13 min,  1 user,  load average: 0.00, 0.01, 0.00
Tasks: 108 total,   1 running, 107 sleeping,   0 stopped,   0 zombie
%Cpu(s):  0.3 us,  0.0 sy,  0.0 ni, 99.7 id,  0.0 wa,  0.0 hi,  0.0 si,  0.0 st
MiB Mem :    957.5 total,    496.5 free,    301.0 used,    311.4 buff/cache
MiB Swap:      0.0 total,      0.0 free,      0.0 used.    656.5 avail Mem

    PID USER      PR  NI    VIRT    RES    SHR S  %CPU  %MEM     TIME+ COMMAND
   1205 root      20   0   12344   5760   3584 R   0.3   0.6   0:00.15 top
      1 root      20   0   22104  13548   9580 S   0.0   1.4   0:03.80 systemd
      2 root      20   0       0      0      0 S   0.0   0.0   0:00.00 kthreadd
      3 root      20   0       0      0      0 S   0.0   0.0   0:00.00 pool_workqueue_release
      4 root       0 -20       0      0      0 I   0.0   0.0   0:00.00 kworker/R-rcu_g
      5 root       0 -20       0      0      0 I   0.0   0.0   0:00.00 kworker/R-rcu_p
      6 root       0 -20       0      0      0 I   0.0   0.0   0:00.00 kworker/R-slub_
      7 root       0 -20       0      0      0 I   0.0   0.0   0:00.00 kworker/R-netns
     10 root       0 -20       0      0      0 I   0.0   0.0   0:00.00 kworker/0:0H-events_highpri
     11 root      20   0       0      0      0 I   0.0   0.0   0:00.06 kworker/u30:0-events_power_efficient
     12 root       0 -20       0      0      0 I   0.0   0.0   0:00.00 kworker/R-mm_pe
     13 root      20   0       0      0      0 I   0.0   0.0   0:00.00 rcu_tasks_rude_kthread
     14 root      20   0       0      0      0 I   0.0   0.0   0:00.00 rcu_tasks_trace_kthread
     15 root      20   0       0      0      0 S   0.0   0.0   0:00.03 ksoftirqd/0
     16 root      20   0       0      0      0 I   0.0   0.0   0:00.07 rcu_sched
     17 root      rt   0       0      0      0 S   0.0   0.0   0:00.00 migration/0
     18 root     -51   0       0      0      0 S   0.0   0.0   0:00.00 idle_inject/0
     19 root      20   0       0      0      0 S   0.0   0.0   0:00.00 cpuhp/0
     20 root      20   0       0      0      0 S   0.0   0.0   0:00.00 kdevtmpfs
     21 root       0 -20       0      0      0 I   0.0   0.0   0:00.00 kworker/R-inet_
     23 root      20   0       0      0      0 S   0.0   0.0   0:00.00 kauditd
     24 root      20   0       0      0      0 S   0.0   0.0   0:00.00 khungtaskd
     25 root      20   0       0      0      0 S   0.0   0.0   0:00.00 oom_reaper
     26 root      20   0       0      0      0 I   0.0   0.0   0:00.01 kworker/u30:2-events_power_efficient
     27 root       0 -20       0      0      0 I   0.0   0.0   0:00.00 kworker/R-write
     28 root      20   0       0      0      0 S   0.0   0.0   0:00.02 kcompactd0
root@ip-172-31-35-152:/home/ubuntu# ping
ping: usage error: Destination address required
root@ip-172-31-35-152:/home/ubuntu# ping guvi.in
PING guvi.in (172.67.70.207) 56(84) bytes of data.
64 bytes from 172.67.70.207: icmp_seq=1 ttl=57 time=1.12 ms
64 bytes from 172.67.70.207: icmp_seq=2 ttl=57 time=1.29 ms
64 bytes from 172.67.70.207: icmp_seq=3 ttl=57 time=1.24 ms
64 bytes from 172.67.70.207: icmp_seq=4 ttl=57 time=1.12 ms
64 bytes from 172.67.70.207: icmp_seq=5 ttl=57 time=1.06 ms
64 bytes from 172.67.70.207: icmp_seq=6 ttl=57 time=1.25 ms
64 bytes from 172.67.70.207: icmp_seq=7 ttl=57 time=1.20 ms
64 bytes from 172.67.70.207: icmp_seq=8 ttl=57 time=1.13 ms
64 bytes from 172.67.70.207: icmp_seq=9 ttl=57 time=1.23 ms
64 bytes from 172.67.70.207: icmp_seq=10 ttl=57 time=1.13 ms
64 bytes from 172.67.70.207: icmp_seq=11 ttl=57 time=1.23 ms
64 bytes from 172.67.70.207: icmp_seq=12 ttl=57 time=1.39 ms
64 bytes from 172.67.70.207: icmp_seq=13 ttl=57 time=1.17 ms
64 bytes from 172.67.70.207: icmp_seq=14 ttl=57 time=1.19 ms
64 bytes from 172.67.70.207: icmp_seq=15 ttl=57 time=1.22 ms
64 bytes from 172.67.70.207: icmp_seq=16 ttl=57 time=1.26 ms
64 bytes from 172.67.70.207: icmp_seq=17 ttl=57 time=1.15 ms
64 bytes from 172.67.70.207: icmp_seq=18 ttl=57 time=1.21 ms
64 bytes from 172.67.70.207: icmp_seq=19 ttl=57 time=1.19 ms
64 bytes from 172.67.70.207: icmp_seq=20 ttl=57 time=1.16 ms
64 bytes from 172.67.70.207: icmp_seq=21 ttl=57 time=1.15 ms
64 bytes from 172.67.70.207: icmp_seq=22 ttl=57 time=1.21 ms
64 bytes from 172.67.70.207: icmp_seq=23 ttl=57 time=1.18 ms
64 bytes from 172.67.70.207: icmp_seq=24 ttl=57 time=1.26 ms
64 bytes from 172.67.70.207: icmp_seq=25 ttl=57 time=1.24 ms
64 bytes from 172.67.70.207: icmp_seq=26 ttl=57 time=1.13 ms
64 bytes from 172.67.70.207: icmp_seq=27 ttl=57 time=1.21 ms
64 bytes from 172.67.70.207: icmp_seq=28 ttl=57 time=1.14 ms
64 bytes from 172.67.70.207: icmp_seq=29 ttl=57 time=1.16 ms
64 bytes from 172.67.70.207: icmp_seq=30 ttl=57 time=1.24 ms
64 bytes from 172.67.70.207: icmp_seq=31 ttl=57 time=1.16 ms
64 bytes from 172.67.70.207: icmp_seq=32 ttl=57 time=1.10 ms
64 bytes from 172.67.70.207: icmp_seq=33 ttl=57 time=1.24 ms
64 bytes from 172.67.70.207: icmp_seq=34 ttl=57 time=1.59 ms
64 bytes from 172.67.70.207: icmp_seq=35 ttl=57 time=1.16 ms
64 bytes from 172.67.70.207: icmp_seq=36 ttl=57 time=1.23 ms
64 bytes from 172.67.70.207: icmp_seq=37 ttl=57 time=1.22 ms
64 bytes from 172.67.70.207: icmp_seq=38 ttl=57 time=1.76 ms
64 bytes from 172.67.70.207: icmp_seq=39 ttl=57 time=1.21 ms
64 bytes from 172.67.70.207: icmp_seq=40 ttl=57 time=1.18 ms
64 bytes from 172.67.70.207: icmp_seq=41 ttl=57 time=1.20 ms
64 bytes from 172.67.70.207: icmp_seq=42 ttl=57 time=1.14 ms
64 bytes from 172.67.70.207: icmp_seq=43 ttl=57 time=1.20 ms
64 bytes from 172.67.70.207: icmp_seq=44 ttl=57 time=1.25 ms
64 bytes from 172.67.70.207: icmp_seq=45 ttl=57 time=2.91 ms
64 bytes from 172.67.70.207: icmp_seq=46 ttl=57 time=1.11 ms
64 bytes from 172.67.70.207: icmp_seq=47 ttl=57 time=1.16 ms
64 bytes from 172.67.70.207: icmp_seq=48 ttl=57 time=1.22 ms
64 bytes from 172.67.70.207: icmp_seq=49 ttl=57 time=1.15 ms
64 bytes from 172.67.70.207: icmp_seq=50 ttl=57 time=1.10 ms
^C
--- guvi.in ping statistics ---
50 packets transmitted, 50 received, 0% packet loss, time 49067ms
rtt min/avg/max/mdev = 1.055/1.242/2.910/0.263 ms

I HAVE USED WINDOWSPOWERSHELL ADMIN FOR TELENET COMMAND
PS C:\WINDOWS\system32> Enable-WindowsOptionalFeature -Online -FeatureName "TelnetClient"


Path          :
Online        : True
RestartNeeded : False

